[asbl.in/spectra/index.html]
[backblue.gif]
[fade.gif]
[index.html]
[sdk.customfit.ai/3dfedca0-d7a2-11ed-bdd8-473cbc7e8e77/cf-js-sdk-min.js]
[asbl.in/spectra/index2657.html]
[asbl.in/spectra/plan/index.html]
[asbl.in/spectra/location/maps501a.html]
[asbl.in/spectra/plan/index66fe.html]
[asbl.in/spectra/plan/index0f37.html]
[asbl.in/spectra/plan/index4126.html]
[asbl.in/spectra/plan/indexb557.html]
[asbl.in/spectra/plan/amenities/index.html]
[asbl.in/spectra/location/index.html]
[asbl.in/spectra/location/index7a5d.html]
[asbl.in/spectra/index.html]
[www.googletagmanager.com/gtm5445.html]
[asbl.in/spectra/index2657.html]
[asbl.in/spectra/plan/index.html]
[asbl.in/spectra/location/index1f9c.html]
[asbl.in/spectra/location/index9822.html]
[asbl.in/spectra/plan/index66fe.html]
[asbl.in/spectra/price/pricesheet/index.html]
[asbl.in/spectra/plan/index0f37.html]
[asbl.in/spectra/price/paymentstructure/index.html]
[asbl.in/spectra/price/preemioffer/index.html]
[asbl.in/spectra/plan/index4126.html]
[asbl.in/spectra/price/pricesheet/indexcd1d.html]
[asbl.in/spectra/plan/indexb557.html]
[asbl.in/spectra/specifications/flats/index.html]
[asbl.in/spectra/specifications/buildings/index.html]
[asbl.in/spectra/media/index.html]
[asbl.in/spectra/price/index.html]
[asbl.in/spectra/specifications/index.html]
[asbl.in/spectra/plan/amenities/index.html]
[asbl.in/spectra/media/index1054.html]
[asbl.in/spectra/media/index18e6.html]
[asbl.in/spectra/location/index.html]
[asbl.in/spectra/location/index7a5d.html]
[asbl.in/spectra/location/index9822.html]
[asbl.in/spectra/index601c.html]
[asbl.in/spectra/location/index1f9c.html]
[asbl.in/spectra/plan/amenities/indexd9de.html]
[asbl.in/spectra/price/pricesheet/indexd9de.html]
[asbl.in/spectra/price/pricesheet/index396e.html]
[asbl.in/spectra/location/maps501a.html]
[asbl.in/spectra/specifications/buildings/indexd9de.html]
[asbl.in/spectra/media/indexc069.html]
[asbl.in/spectra/price/index.html]
[asbl.in/spectra/media/indexb88b.html]
[asbl.in/spectra/plan/plans/indexd9de.html]
[asbl.in/spectra/location/indexd9de.html]
[asbl.in/spectra/specifications/flats/indexd9de.html]
[asbl.in/spectra/media/indexd9de.html]
[asbl.in/spectra/plan/amenities/index601c.html]
[asbl.in/spectra/location/index601c.html]
[asbl.in/spectra/price/pricesheet/index601c.html]
[asbl.in/spectra/price/pricesheet/index.html]
[asbl.in/spectra/price/paymentstructure/indexd9de.html]
[asbl.in/spectra/price/paymentstructure/index.html]
[asbl.in/spectra/price/preemioffer/indexd9de.html]
[asbl.in/spectra/price/paymentstructure/index601c.html]
[asbl.in/spectra/price/preemioffer/index.html]
[asbl.in/spectra/price/pricesheet/indexcd1d.html]
[asbl.in/spectra/specifications/index.html]
[asbl.in/spectra/price/preemioffer/index601c.html]
[asbl.in/spectra/specifications/flats/index601c.html]
[asbl.in/spectra/specifications/flats/indexa14a.html]
[asbl.in/spectra/specifications/flats/indexadaf.html]
[asbl.in/spectra/specifications/flats/indexcc5d.html]
[asbl.in/spectra/specifications/flats/index.html]
[asbl.in/spectra/specifications/flats/indexa8f4.html]
[asbl.in/spectra/specifications/flats/index7c0b.html]
[asbl.in/spectra/specifications/flats/index863d.html]
[asbl.in/spectra/specifications/flats/index391e.html]
[asbl.in/spectra/specifications/buildings/index.html]
[asbl.in/spectra/specifications/flats/index702b.html]
[asbl.in/spectra/media/index.html]
[asbl.in/spectra/media/index1054.html]
[asbl.in/spectra/media/index18e6.html]
[asbl.in/spectra/specifications/flats/index577a.html]
[asbl.in/spectra/specifications/flats/index65e1.html]
[asbl.in/spectra/index601c.html]
[asbl.in/spectra/specifications/flats/index6bb1.html]
[asbl.in/spectra/specifications/flats/index464f.html]
[asbl.in/spectra/plan/amenities/indexd9de.html]
[asbl.in/spectra/specifications/flats/index39d8.html]
[asbl.in/spectra/specifications/buildings/index601c.html]
[asbl.in/spectra/specifications/buildings/index64e3.html]
[asbl.in/spectra/price/pricesheet/indexd9de.html]
[asbl.in/spectra/specifications/buildings/index16a6.html]
[asbl.in/spectra/price/pricesheet/index396e.html]
[asbl.in/spectra/specifications/buildings/index65e1.html]
[asbl.in/spectra/specifications/buildings/indexd9de.html]
[asbl.in/spectra/specifications/buildings/indexbe05.html]
[asbl.in/spectra/specifications/buildings/indexa14a.html]
[asbl.in/spectra/specifications/buildings/index2cb5.html]
[asbl.in/spectra/media/indexc069.html]
[asbl.in/spectra/specifications/buildings/indexe1a1.html]
[asbl.in/spectra/media/indexb88b.html]
[asbl.in/spectra/specifications/buildings/index221a.html]
[asbl.in/spectra/specifications/buildings/index5c4f.html]
[asbl.in/spectra/specifications/buildings/indexc427.html]
[asbl.in/spectra/specifications/buildings/index71ff.html]
[asbl.in/spectra/media/index601c.html]
[asbl.in/spectra/plan/plans/index.html]
[media.asbl.in/Spectra/Web/Plans+Page/Unit+Plans/Thumbnails/2220_3BHK_West_SB_Type-1.jpg]
[asbl.in/spectra/plan/plans/index601c.html]
[media.asbl.in/Spectra/Web/Plans+Page/Unit+Plans/Thumbnails/2220_3BHK_West_SB_Type-2.jpg]
[asbl.in/spectra/plan/plans/indexd9de.html]
[asbl.in/spectra/location/indexd9de.html]
[asbl.in/spectra/specifications/flats/indexd9de.html]
[asbl.in/spectra/media/indexd9de.html]
[asbl.in/spectra/plan/amenities/index601c.html]
[asbl.in/spectra/location/index601c.html]
[asbl.in/spectra/price/pricesheet/index601c.html]
[asbl.in/spectra/price/paymentstructure/indexd9de.html]
[asbl.in/spectra/price/preemioffer/indexd9de.html]
[asbl.in/spectra/price/paymentstructure/index601c.html]
[asbl.in/spectra/price/preemioffer/index601c.html]
[asbl.in/spectra/specifications/flats/index601c.html]
[asbl.in/spectra/specifications/flats/indexa14a.html]
[asbl.in/spectra/specifications/flats/indexadaf.html]
[asbl.in/spectra/specifications/flats/indexcc5d.html]
[asbl.in/spectra/specifications/flats/indexa8f4.html]
[asbl.in/spectra/specifications/flats/index7c0b.html]
[asbl.in/spectra/specifications/flats/index863d.html]
[asbl.in/spectra/specifications/flats/index391e.html]
[asbl.in/spectra/specifications/flats/index702b.html]
[asbl.in/spectra/specifications/flats/index577a.html]
[asbl.in/spectra/specifications/flats/index65e1.html]
[asbl.in/spectra/specifications/flats/index6bb1.html]
[asbl.in/spectra/specifications/flats/index464f.html]
[asbl.in/spectra/specifications/flats/index39d8.html]
[asbl.in/spectra/specifications/buildings/index601c.html]
[asbl.in/spectra/specifications/buildings/index64e3.html]
[asbl.in/spectra/specifications/buildings/index16a6.html]
[asbl.in/spectra/specifications/buildings/index65e1.html]
[asbl.in/spectra/specifications/buildings/indexbe05.html]
[asbl.in/spectra/specifications/buildings/indexa14a.html]
[asbl.in/spectra/specifications/buildings/index2cb5.html]
[asbl.in/spectra/specifications/buildings/indexe1a1.html]
[asbl.in/spectra/specifications/buildings/index221a.html]
[asbl.in/spectra/specifications/buildings/index5c4f.html]
[asbl.in/spectra/specifications/buildings/indexc427.html]
[asbl.in/spectra/specifications/buildings/index71ff.html]
[asbl.in/spectra/media/index601c.html]
[asbl.in/spectra/plan/plans/index.html]
[asbl.in/spectra/plan/plans/index601c.html]
